// Jest Snapshot v1, https://goo.gl/fbAQLP

exports[`test title and authorlist after component mounted 1`] = `
<div>
  <h1>
    Authors List
  </h1>
</div>
`;

exports[`title is returned when render is called first  1`] = `
<div>
  <h1>
    Authors List
  </h1>
</div>
`;
